nohup: ignoring input
Building...
info: Microsoft.Hosting.Lifetime[14]
      Now listening on: http://0.0.0.0:5001
info: Microsoft.Hosting.Lifetime[0]
      Application started. Press Ctrl+C to shut down.
info: Microsoft.Hosting.Lifetime[0]
      Hosting environment: Development
info: Microsoft.Hosting.Lifetime[0]
      Content root path: /home/ubuntu/pousada/Pousada-main/QuintaYpua
info: Microsoft.EntityFrameworkCore.Database.Command[20101]
      Executed DbCommand (48ms) [Parameters=[@__reservaDto_NomeCliente_0='?' (Size = 4000)], CommandType='Text', CommandTimeout='30']
      SELECT `c`.`Id`, `c`.`Documento`, `c`.`Email`, `c`.`Nome`, `c`.`Telefone`
      FROM `Clientes` AS `c`
      WHERE `c`.`Nome` = @__reservaDto_NomeCliente_0
      LIMIT 1
info: Microsoft.EntityFrameworkCore.Database.Command[20101]
      Executed DbCommand (5ms) [Parameters=[@__reservaDto_NumeroQuarto_0='?' (Size = 4000)], CommandType='Text', CommandTimeout='30']
      SELECT `q`.`Id`, `q`.`Descricao`, `q`.`FotoBase64`, `q`.`Numero`, `q`.`Valor`
      FROM `Quartos` AS `q`
      WHERE `q`.`Numero` = @__reservaDto_NumeroQuarto_0
      LIMIT 1
info: Microsoft.EntityFrameworkCore.Database.Command[20101]
      Executed DbCommand (1ms) [Parameters=[@__reservaDto_FormaPagamento_0='?' (Size = 4000)], CommandType='Text', CommandTimeout='30']
      SELECT `f`.`Id`, `f`.`Descricao`, `f`.`Nome`
      FROM `FormasPagamento` AS `f`
      WHERE `f`.`Nome` = @__reservaDto_FormaPagamento_0
      LIMIT 1
info: Microsoft.EntityFrameworkCore.Database.Command[20101]
      Executed DbCommand (5ms) [Parameters=[@p0='?' (DbType = Int32), @p1='?' (DbType = DateTime), @p2='?' (DbType = DateTime), @p3='?' (DbType = Int32), @p4='?' (DbType = Int32), @p5='?' (DbType = Int32), @p6='?' (Size = 4000)], CommandType='Text', CommandTimeout='30']
      INSERT INTO `Reservas` (`ClienteId`, `DataEntrada`, `DataSaida`, `FormaPagamentoId`, `Parcelas`, `QuartoId`, `Status`)
      VALUES (@p0, @p1, @p2, @p3, @p4, @p5, @p6);
      SELECT `Id`
      FROM `Reservas`
      WHERE ROW_COUNT() = 1 AND `Id` = LAST_INSERT_ID();
info: Microsoft.EntityFrameworkCore.Database.Command[20101]
      Executed DbCommand (1ms) [Parameters=[@__p_0='?' (DbType = Int32)], CommandType='Text', CommandTimeout='30']
      SELECT `r`.`Id`, `r`.`ClienteId`, `r`.`DataEntrada`, `r`.`DataSaida`, `r`.`FormaPagamentoId`, `r`.`Parcelas`, `r`.`QuartoId`, `r`.`Status`
      FROM `Reservas` AS `r`
      WHERE `r`.`Id` = @__p_0
      LIMIT 1
info: Microsoft.EntityFrameworkCore.Database.Command[20101]
      Executed DbCommand (1ms) [Parameters=[@p0='?' (Size = 4000), @p1='?' (DbType = Int32), @p2='?' (DbType = Decimal)], CommandType='Text', CommandTimeout='30']
      INSERT INTO `GastosExtras` (`Descricao`, `ReservaId`, `Valor`)
      VALUES (@p0, @p1, @p2);
      SELECT `Id`
      FROM `GastosExtras`
      WHERE ROW_COUNT() = 1 AND `Id` = LAST_INSERT_ID();
info: Microsoft.EntityFrameworkCore.Database.Command[20101]
      Executed DbCommand (1ms) [Parameters=[], CommandType='Text', CommandTimeout='30']
      SELECT `r`.`Id`, `r`.`ClienteId`, `r`.`DataEntrada`, `r`.`DataSaida`, `r`.`FormaPagamentoId`, `r`.`Parcelas`, `r`.`QuartoId`, `r`.`Status`, `c`.`Id`, `c`.`Documento`, `c`.`Email`, `c`.`Nome`, `c`.`Telefone`, `q`.`Id`, `q`.`Descricao`, `q`.`FotoBase64`, `q`.`Numero`, `q`.`Valor`, `f`.`Id`, `f`.`Descricao`, `f`.`Nome`, `g`.`Id`, `g`.`Descricao`, `g`.`ReservaId`, `g`.`Valor`
      FROM `Reservas` AS `r`
      INNER JOIN `Clientes` AS `c` ON `r`.`ClienteId` = `c`.`Id`
      INNER JOIN `Quartos` AS `q` ON `r`.`QuartoId` = `q`.`Id`
      LEFT JOIN `FormasPagamento` AS `f` ON `r`.`FormaPagamentoId` = `f`.`Id`
      LEFT JOIN `GastosExtras` AS `g` ON `r`.`Id` = `g`.`ReservaId`
      ORDER BY `r`.`Id`, `c`.`Id`, `q`.`Id`, `f`.`Id`
